<html><head><meta http-equiv="Content-Type" content="text/html; charset=UTF-8"><title>Untitled</title></head><body leftmargin="100"><h2>This week's top author is Bonner</h2><p>We stock the following 2 books by this author:</p><ul><li>Evolution of Complexity in Animal Culture</li><li>Patterns of Crime in Animal Culture</li></ul><p>This author has written books in the following categories:</p><ul><li>Science</li><li>Crime</li></ul><p>The average price of these books is: 
        $10.95</p><h2>A complete list of books, grouped by author</h2><div><h3>AUTHOR: Bonner</h3><table><tr><td width="100" valign="top">i</td><td>
                TITLE: Evolution of Complexity in Animal Culture<br>
                CATEGORY: 
                        (S)
              </td></tr><tr><td width="100" valign="top">ii</td><td>
                TITLE: Patterns of Crime in Animal Culture<br>
                CATEGORY: 
                        (X)
              </td></tr></table><hr><h3>AUTHOR: Danzig</h3><table><tr><td width="100" valign="top">i</td><td>
                TITLE: Number, the Language of Science<br>
                CATEGORY: 
                        (S)
              </td></tr><tr><td width="100" valign="top">ii</td><td>
                TITLE: Language &amp; the Science of Number<br>
                CATEGORY: 
                        (S)
              </td></tr></table><hr><h3>AUTHOR: Erich Gamma, Richard Helm, Ralph Johnson, John Vlissides</h3><table><tr><td width="100" valign="top">i</td><td>
                TITLE: Design Patterns<br>
                CATEGORY: 
                        (U)
              </td></tr></table><hr><h3>AUTHOR: Milne, A. A.</h3><table><tr><td width="100" valign="top">i</td><td>
                TITLE: When We Were Very Young<br>
                CATEGORY: 
                        (F)
              </td></tr></table><hr><h3>AUTHOR: Stephen R. Davis</h3><table><tr><td width="100" valign="top">i</td><td>
                TITLE: Learn Java Now<br>
                CATEGORY: 
                        (C)
              </td></tr></table><hr><h3>AUTHOR: Wardlaw, Lee</h3><table><tr><td width="100" valign="top">i</td><td>
                TITLE: Tales of Grandpa Cat<br>
                CATEGORY: 
                        (F)
              </td></tr></table><hr></div><h2>A complete list of books, grouped by category</h2><div><h3>CATEGORY: </h3><ol><li>AUTHOR: Erich Gamma, Richard Helm, Ralph Johnson, John Vlissides<br>
                TITLE: Design Patterns</li></ol><hr><h3>CATEGORY: </h3><ol><li>AUTHOR: Stephen R. Davis<br>
                TITLE: Learn Java Now</li></ol><hr><h3>CATEGORY: </h3><ol><li>AUTHOR: Danzig<br>
                TITLE: Number, the Language of Science</li><li>AUTHOR: Danzig<br>
                TITLE: Language &amp; the Science of Number</li><li>AUTHOR: Bonner<br>
                TITLE: Evolution of Complexity in Animal Culture</li></ol><hr><h3>CATEGORY: </h3><ol><li>AUTHOR: Bonner<br>
                TITLE: Patterns of Crime in Animal Culture</li></ol><hr><h3>CATEGORY: </h3><ol><li>AUTHOR: Wardlaw, Lee<br>
                TITLE: Tales of Grandpa Cat</li><li>AUTHOR: Milne, A. A.<br>
                TITLE: When We Were Very Young</li></ol><hr></div><h2>List of categories</h2><h4>CATEGORY I</h4><table><tr><td>CODE</td><td>U</td></tr><tr><td>DESC</td><td>Unclassified</td></tr></table><hr><h4>CATEGORY II</h4><table><tr><td>CODE</td><td>S</td></tr><tr><td>DESC</td><td>Science</td></tr></table><hr><h4>CATEGORY III</h4><table><tr><td>CODE</td><td>I</td></tr><tr><td>DESC</td><td>Science</td></tr><tr><td>NOTE</td><td>Limited Stock</td></tr></table><hr><h4>CATEGORY IV</h4><table><tr><td>CODE</td><td>F</td></tr><tr><td>DESC</td><td>Fiction</td></tr></table><hr><h4>CATEGORY V</h4><table><tr><td>CODE</td><td>X</td></tr><tr><td>DESC</td><td>Crime</td></tr></table><hr><h4>CATEGORY VI</h4><table><tr><td>CODE</td><td>C</td></tr><tr><td>DESC</td><td>Computing</td></tr></table><hr></body></html>