<?xml version="1.0" encoding="UTF-8"?><html xml:lang="en" lang="en"><head><title>Virtual Library</title></head><body><p>Moved to <div style="don't try this">example.org</div>.</p></body></html>