<?xml version="1.0" encoding="UTF-8"?><out><f name="current-group" arity="0" test="true"/><f name="current-grouping-key" arity="0" test="true"/><f name="current-merge-inputs" arity="1" test="false"/><f name="regex-group" arity="1" test="true"/><f name="copy-of" arity="0" test="false"/><f name="copy-of" arity="1" test="false"/><f name="snapshot" arity="0" test="false"/><f name="snapshot" arity="1" test="false"/><f name="outermost" arity="1" test="false"/><f name="innermost" arity="1" test="false"/><f name="has-children" arity="0" test="false"/><f name="document" arity="1" test="true"/><f name="document" arity="2" test="true"/><f name="uri-collection" arity="0" test="false"/><f name="uri-collection" arity="1" test="false"/><f name="unparsed-text" arity="1" test="true"/><f name="unparsed-text" arity="2" test="true"/><f name="unparsed-text-lines" arity="1" test="false"/><f name="unparsed-text-lines" arity="2" test="false"/><f name="unparsed-text-available" arity="1" test="true"/><f name="unparsed-text-available" arity="2" test="true"/><f name="key" arity="2" test="true"/><f name="key" arity="3" test="true"/><f name="format-number" arity="2" test="true"/><f name="format-number" arity="3" test="true"/><f name="current" arity="0" test="true"/><f name="unparsed-entity-uri" arity="1" test="true"/><f name="unparsed-entity-public-id" arity="1" test="true"/><f name="system-property" arity="1" test="true"/><f name="format-dateTime" arity="5" test="true"/><f name="format-dateTime" arity="2" test="true"/><f name="format-date" arity="5" test="true"/><f name="format-date" arity="2" test="true"/><f name="format-time" arity="5" test="true"/><f name="format-time" arity="2" test="true"/><f name="function-available" arity="1" test="true"/><f name="function-available" arity="2" test="true"/><f name="type-available" arity="1" test="true"/><f name="element-available" arity="1" test="true"/></out>