<?xml version="1.0" encoding="UTF-8"?>
<out>
    <temp1/>
    <temp2/>
    <temp3>
        
    </temp3>
    <temp4>
        
    </temp4>
    <temp5>
        
    </temp5>
    <temp6>
        
    </temp6>
    <temp7>
        
    </temp7>
    <temp8>
        
    </temp8>
    <temp9>
        
    </temp9>
    <temp10>
        
    </temp10>
    <temp11>
        
    </temp11>
    <temp12>
        
    </temp12>
</out>
