<?xml version="1.0" encoding="UTF-8"?>
<out>
  <ans>4</ans>
  <ans>1</ans>
  <ans>eval003.xml</ans>
  <ans>eval003.xml</ans>
  <ans>17</ans>
  <ans>4</ans>
  <ans>1 4 9</ans>
</out>