<?xml version="1.0" encoding="UTF-8"?><html xmlns="http://www.w3.org/1999/xhtml"><head><meta http-equiv="Content-Type" content="text/html; charset=UTF-8" /><title>test</title></head><body><dl><dt>term in glossary-entries</dt><dd><div>present to test the gathering functions</div></dd><dt>term in glossary-entries</dt><dd><div>present to test the gathering functions</div></dd><dt>term in glossary-entries</dt><dd><div>present to test the gathering functions</div></dd><dt>term in glossary-entries</dt><dd><div>present to test the gathering functions</div></dd><dt>term in glossary-entries</dt><dd><div>present to test the gathering functions</div></dd><dt>term in glossary-entries</dt><dd><div>present to test the gathering functions</div></dd></dl></body></html>