<?xml version="1.0" encoding="UTF-8"?><apple xmlns:xs="http://www.w3.org/2001/XMLSchema" xmlns:my="http://my.com/"/>